// Jest Snapshot v1, https://goo.gl/fbAQLP

exports[`Indecision Component Hacer match con el snapshot 1`] = `
<!--v-if-->
<div class="bg-dark"></div>
<div class="indecision-container"><input type="text" placeholder="Hazme una pregunta">
  <p>Recuerda terminar un signo de interrtación (?)</p>
  <!--v-if-->
</div>
`;

exports[`Indecision Component debe de hacer match con el snapshot 1`] = `
<!--v-if-->
<div class="bg-dark"></div>
<div class="indecision-container"><input type="text" placeholder="Hazme una pregunta">
  <p>Recuerda terminar un signo de interrtación (?)</p>
  <!--v-if-->
</div>
`;
